Python server started on port 8765 (PID: 1016)
ngrok started (PID: 1211)

Reports server is live at: https://joseph-nonhydrated-cecille.ngrok-free.app
Local: http://localhost:8765
/home/kali/.openclaw/workspace/projects/codester-inc/start-reports-server.sh: line 18: ngrok: command not found
Python server started on port 8765 (PID: 1054)
ngrok started (PID: 1535)

Reports server is live at: https://joseph-nonhydrated-cecille.ngrok-free.app
Local: http://localhost:8765
/home/kali/.openclaw/workspace/projects/codester-inc/start-reports-server.sh: line 18: ngrok: command not found
Python server started on port 8765 (PID: 1060)
ngrok started (PID: 1544)

Reports server is live at: https://joseph-nonhydrated-cecille.ngrok-free.app
Local: http://localhost:8765
/home/kali/.openclaw/workspace/projects/codester-inc/start-reports-server.sh: line 18: ngrok: command not found
Python server started on port 8765 (PID: 1013)
ngrok started (PID: 1458)

Reports server is live at: https://joseph-nonhydrated-cecille.ngrok-free.app
Local: http://localhost:8765
/home/kali/.openclaw/workspace/projects/codester-inc/start-reports-server.sh: line 18: ngrok: command not found
Python server started on port 8765 (PID: 1027)
ngrok started (PID: 1699)

Reports server is live at: https://joseph-nonhydrated-cecille.ngrok-free.app
Local: http://localhost:8765
/home/kali/.openclaw/workspace/projects/codester-inc/start-reports-server.sh: line 18: ngrok: command not found
Python server started on port 8765 (PID: 682)
/home/kali/.openclaw/workspace/projects/codester-inc/start-reports-server.sh: line 18: ngrok: command not found
ngrok started (PID: 937)

Reports server is live at: https://joseph-nonhydrated-cecille.ngrok-free.app
Local: http://localhost:8765
Python server started on port 8765 (PID: 905)
ngrok started (PID: 982)

Reports server is live at: https://joseph-nonhydrated-cecille.ngrok-free.app
Local: http://localhost:8765
/home/kali/.openclaw/workspace/projects/codester-inc/start-reports-server.sh: line 18: ngrok: command not found
Python server started on port 8765 (PID: 927)
/home/kali/.openclaw/workspace/projects/codester-inc/start-reports-server.sh: line 18: ngrok: command not found
ngrok started (PID: 1163)

Reports server is live at: https://joseph-nonhydrated-cecille.ngrok-free.app
Local: http://localhost:8765
Python server started on port 8765 (PID: 750)
ngrok started (PID: 795)

Reports server is live at: https://joseph-nonhydrated-cecille.ngrok-free.app
Local: http://localhost:8765
/home/kali/.openclaw/workspace/projects/codester-inc/start-reports-server.sh: line 18: ngrok: command not found
Python server started on port 8765 (PID: 1099)
ngrok started (PID: 1326)

Reports server is live at: https://joseph-nonhydrated-cecille.ngrok-free.app
Local: http://localhost:8765
/home/kali/.openclaw/workspace/projects/codester-inc/start-reports-server.sh: line 18: ngrok: command not found
Python server started on port 8765 (PID: 1053)
/home/kali/.openclaw/workspace/projects/codester-inc/start-reports-server.sh: line 18: ngrok: command not found
ngrok started (PID: 1246)

Reports server is live at: https://joseph-nonhydrated-cecille.ngrok-free.app
Local: http://localhost:8765
Python server started on port 8765 (PID: 1096)
ngrok started (PID: 1301)

Reports server is live at: https://joseph-nonhydrated-cecille.ngrok-free.app
Local: http://localhost:8765
/home/kali/.openclaw/workspace/projects/codester-inc/start-reports-server.sh: line 18: ngrok: command not found
Python server started on port 8765 (PID: 967)
ngrok started (PID: 1026)

Reports server is live at: https://joseph-nonhydrated-cecille.ngrok-free.app
Local: http://localhost:8765
/home/kali/.openclaw/workspace/projects/codester-inc/start-reports-server.sh: line 18: ngrok: command not found
Python server started on port 8765 (PID: 1096)
ngrok started (PID: 1457)

Reports server is live at: https://joseph-nonhydrated-cecille.ngrok-free.app
Local: http://localhost:8765
/home/kali/.openclaw/workspace/projects/codester-inc/start-reports-server.sh: line 18: ngrok: command not found
